2026-08-08 16:33:39,174 - INFO - __main__ - Loaded 7 products from catalog
2026-08-08 16:33:39,174 - INFO - __main__ - Admin ID: 7393504121
2026-08-08 16:33:39,205 - INFO - __main__ - Starting bot polling...
2026-08-08 16:33:39,205 - INFO - aiogram.dispatcher - Start polling
2026-08-08 16:33:39,578 - INFO - aiogram.dispatcher - Run polling for bot @bio_aibot id=7821344087 - 'Bio.AI'
2026-08-08 16:33:44,284 - INFO - aiogram.event - Update id=329188008 is handled. Duration 366 ms by bot id=7821344087
2026-08-08 16:33:46,188 - INFO - aiogram.event - Update id=329188009 is handled. Duration 143 ms by bot id=7821344087
2026-08-08 16:33:51,924 - INFO - __main__ - Received WebApp data from user 7232041443: {'action': 'checkout', 'lang': 'uz', 'items': [{'id': 'p1', 'quantity': 5}]}
2026-08-08 16:33:52,060 - INFO - aiogram.event - Update id=329188010 is handled. Duration 140 ms by bot id=7821344087
2026-08-08 16:33:54,579 - INFO - aiogram.event - Update id=329188011 is handled. Duration 423 ms by bot id=7821344087
2026-08-08 16:33:56,952 - INFO - aiogram.event - Update id=329188012 is handled. Duration 155 ms by bot id=7821344087
2026-08-08 16:34:04,630 - INFO - aiogram.event - Update id=329188013 is handled. Duration 133 ms by bot id=7821344087
2026-08-08 16:34:10,492 - INFO - aiogram.event - Update id=329188014 is handled. Duration 127 ms by bot id=7821344087
2026-08-08 16:34:18,292 - INFO - aiogram.event - Update id=329188015 is handled. Duration 143 ms by bot id=7821344087
2026-08-08 16:34:34,988 - INFO - aiogram.event - Update id=329188016 is handled. Duration 720 ms by bot id=7821344087
2026-08-08 16:38:31,911 - INFO - aiogram.event - Update id=329188017 is handled. Duration 144 ms by bot id=7821344087
2026-08-08 16:38:34,925 - INFO - aiogram.event - Update id=329188018 is handled. Duration 200 ms by bot id=7821344087
2026-08-08 16:38:36,465 - INFO - aiogram.event - Update id=329188019 is handled. Duration 294 ms by bot id=7821344087
2026-08-08 16:38:37,193 - INFO - aiogram.event - Update id=329188020 is handled. Duration 171 ms by bot id=7821344087
2026-08-08 16:38:38,076 - INFO - aiogram.event - Update id=329188021 is handled. Duration 189 ms by bot id=7821344087
2026-08-08 16:38:38,790 - INFO - aiogram.event - Update id=329188022 is handled. Duration 135 ms by bot id=7821344087
2026-08-08 16:38:39,573 - INFO - aiogram.event - Update id=329188023 is handled. Duration 137 ms by bot id=7821344087
2026-08-08 16:38:40,293 - INFO - aiogram.event - Update id=329188024 is handled. Duration 178 ms by bot id=7821344087
2026-08-08 16:38:40,994 - INFO - aiogram.event - Update id=329188025 is handled. Duration 166 ms by bot id=7821344087
2026-08-08 16:38:41,749 - INFO - aiogram.event - Update id=329188026 is handled. Duration 158 ms by bot id=7821344087
2026-08-08 16:38:53,137 - INFO - aiogram.event - Update id=329188027 is handled. Duration 142 ms by bot id=7821344087
2026-08-08 16:38:54,935 - INFO - aiogram.event - Update id=329188028 is handled. Duration 152 ms by bot id=7821344087
2026-08-08 16:38:56,844 - INFO - aiogram.event - Update id=329188029 is handled. Duration 137 ms by bot id=7821344087
2026-08-08 16:38:57,676 - INFO - aiogram.event - Update id=329188030 is handled. Duration 131 ms by bot id=7821344087
2026-08-08 16:38:59,181 - INFO - aiogram.event - Update id=329188031 is handled. Duration 131 ms by bot id=7821344087
2026-08-08 16:39:00,665 - INFO - aiogram.event - Update id=329188032 is handled. Duration 130 ms by bot id=7821344087
2026-08-08 16:39:01,841 - INFO - aiogram.event - Update id=329188033 is handled. Duration 153 ms by bot id=7821344087
2026-08-08 16:39:02,623 - INFO - aiogram.event - Update id=329188034 is handled. Duration 135 ms by bot id=7821344087
2026-08-08 16:39:03,114 - INFO - aiogram.event - Update id=329188035 is handled. Duration 130 ms by bot id=7821344087
2026-08-08 16:39:03,792 - INFO - aiogram.event - Update id=329188036 is handled. Duration 159 ms by bot id=7821344087
2026-08-08 16:39:04,328 - INFO - aiogram.event - Update id=329188037 is handled. Duration 171 ms by bot id=7821344087
2026-08-08 16:39:04,926 - INFO - aiogram.event - Update id=329188038 is handled. Duration 140 ms by bot id=7821344087
2026-08-08 16:39:05,370 - WARNING - __main__ - User 7232041443 blocked for spam
2026-08-08 16:39:05,371 - INFO - aiogram.event - Update id=329188039 is not handled. Duration 2 ms by bot id=7821344087
2026-08-08 16:39:05,371 - ERROR - aiogram.event - Cause exception while process update id=329188039 by bot id=7821344087
TypeError: error_handler() missing 1 required positional argument: 'exception'
Traceback (most recent call last):
  File "/Users/ukomron/PycharmProjects/gano/.venv/lib/python3.14/site-packages/aiogram/dispatcher/middlewares/error.py", line 27, in __call__
    return await handler(event, data)
           ^^^^^^^^^^^^^^^^^^^^^^^^^^
  File "/Users/ukomron/PycharmProjects/gano/.venv/lib/python3.14/site-packages/aiogram/dispatcher/middlewares/user_context.py", line 58, in __call__
    return await handler(event, data)
           ^^^^^^^^^^^^^^^^^^^^^^^^^^
  File "/Users/ukomron/PycharmProjects/gano/.venv/lib/python3.14/site-packages/aiogram/fsm/middleware.py", line 43, in __call__
    return await handler(event, data)
           ^^^^^^^^^^^^^^^^^^^^^^^^^^
  File "/Users/ukomron/PycharmProjects/gano/.venv/lib/python3.14/site-packages/aiogram/dispatcher/event/telegram.py", line 126, in trigger
    return await wrapped_inner(event, kwargs)
           ^^^^^^^^^^^^^^^^^^^^^^^^^^^^^^^^^^
  File "/Users/ukomron/PycharmProjects/gano/.venv/lib/python3.14/site-packages/aiogram/dispatcher/event/handler.py", line 71, in call
    return await wrapped()
           ^^^^^^^^^^^^^^^
  File "/Users/ukomron/PycharmProjects/gano/.venv/lib/python3.14/site-packages/aiogram/dispatcher/dispatcher.py", line 283, in _listen_update
    return await self.propagate_event(update_type=update_type, event=event, **kwargs)
           ^^^^^^^^^^^^^^^^^^^^^^^^^^^^^^^^^^^^^^^^^^^^^^^^^^^^^^^^^^^^^^^^^^^^^^^^^^
  File "/Users/ukomron/PycharmProjects/gano/.venv/lib/python3.14/site-packages/aiogram/dispatcher/router.py", line 165, in propagate_event
    return await observer.wrap_outer_middleware(_wrapped, event=event, data=kwargs)
           ^^^^^^^^^^^^^^^^^^^^^^^^^^^^^^^^^^^^^^^^^^^^^^^^^^^^^^^^^^^^^^^^^^^^^^^^
  File "/Users/ukomron/PycharmProjects/gano/.venv/lib/python3.14/site-packages/aiogram/dispatcher/router.py", line 157, in _wrapped
    return await self._propagate_event(
           ^^^^^^^^^^^^^^^^^^^^^^^^^^^^
    ...<4 lines>...
    )
    ^
  File "/Users/ukomron/PycharmProjects/gano/.venv/lib/python3.14/site-packages/aiogram/dispatcher/router.py", line 185, in _propagate_event
    response = await observer.trigger(event, **kwargs)
               ^^^^^^^^^^^^^^^^^^^^^^^^^^^^^^^^^^^^^^^
  File "/Users/ukomron/PycharmProjects/gano/.venv/lib/python3.14/site-packages/aiogram/dispatcher/event/telegram.py", line 126, in trigger
    return await wrapped_inner(event, kwargs)
           ^^^^^^^^^^^^^^^^^^^^^^^^^^^^^^^^^^
  File "/Users/ukomron/PycharmProjects/gano/.venv/lib/python3.14/site-packages/aiogram/dispatcher/event/handler.py", line 71, in call
    return await wrapped()
           ^^^^^^^^^^^^^^^
  File "/Users/ukomron/PycharmProjects/gano/main.py", line 681, in handle_menu_buttons
    await message.answer(TEXTS[lang]['spam_warning'])
                         ~~~~~~~~~~~^^^^^^^^^^^^^^^^
KeyError: 'spam_warning'

During handling of the above exception, another exception occurred:

Traceback (most recent call last):
  File "/Users/ukomron/PycharmProjects/gano/.venv/lib/python3.14/site-packages/aiogram/dispatcher/dispatcher.py", line 320, in _process_update
    response = await self.feed_update(bot, update, **kwargs)
               ^^^^^^^^^^^^^^^^^^^^^^^^^^^^^^^^^^^^^^^^^^^^^
  File "/Users/ukomron/PycharmProjects/gano/.venv/lib/python3.14/site-packages/aiogram/dispatcher/dispatcher.py", line 164, in feed_update
    response = await self.update.wrap_outer_middleware(
               ^^^^^^^^^^^^^^^^^^^^^^^^^^^^^^^^^^^^^^^^
    ...<7 lines>...
    )
    ^
  File "/Users/ukomron/PycharmProjects/gano/.venv/lib/python3.14/site-packages/aiogram/dispatcher/middlewares/error.py", line 31, in __call__
    response = await self.router.propagate_event(
               ^^^^^^^^^^^^^^^^^^^^^^^^^^^^^^^^^^
    ...<3 lines>...
    )
    ^
  File "/Users/ukomron/PycharmProjects/gano/.venv/lib/python3.14/site-packages/aiogram/dispatcher/router.py", line 165, in propagate_event
    return await observer.wrap_outer_middleware(_wrapped, event=event, data=kwargs)
           ^^^^^^^^^^^^^^^^^^^^^^^^^^^^^^^^^^^^^^^^^^^^^^^^^^^^^^^^^^^^^^^^^^^^^^^^
  File "/Users/ukomron/PycharmProjects/gano/.venv/lib/python3.14/site-packages/aiogram/dispatcher/router.py", line 157, in _wrapped
    return await self._propagate_event(
           ^^^^^^^^^^^^^^^^^^^^^^^^^^^^
    ...<4 lines>...
    )
    ^
  File "/Users/ukomron/PycharmProjects/gano/.venv/lib/python3.14/site-packages/aiogram/dispatcher/router.py", line 185, in _propagate_event
    response = await observer.trigger(event, **kwargs)
               ^^^^^^^^^^^^^^^^^^^^^^^^^^^^^^^^^^^^^^^
  File "/Users/ukomron/PycharmProjects/gano/.venv/lib/python3.14/site-packages/aiogram/dispatcher/event/telegram.py", line 126, in trigger
    return await wrapped_inner(event, kwargs)
           ^^^^^^^^^^^^^^^^^^^^^^^^^^^^^^^^^^
  File "/Users/ukomron/PycharmProjects/gano/.venv/lib/python3.14/site-packages/aiogram/dispatcher/event/handler.py", line 71, in call
    return await wrapped()
                 ~~~~~~~^^
TypeError: error_handler() missing 1 required positional argument: 'exception'
2026-08-08 16:39:06,068 - INFO - aiogram.event - Update id=329188040 is not handled. Duration 2 ms by bot id=7821344087
2026-08-08 16:39:06,068 - ERROR - aiogram.event - Cause exception while process update id=329188040 by bot id=7821344087
TypeError: error_handler() missing 1 required positional argument: 'exception'
Traceback (most recent call last):
  File "/Users/ukomron/PycharmProjects/gano/.venv/lib/python3.14/site-packages/aiogram/dispatcher/middlewares/error.py", line 27, in __call__
    return await handler(event, data)
           ^^^^^^^^^^^^^^^^^^^^^^^^^^
  File "/Users/ukomron/PycharmProjects/gano/.venv/lib/python3.14/site-packages/aiogram/dispatcher/middlewares/user_context.py", line 58, in __call__
    return await handler(event, data)
           ^^^^^^^^^^^^^^^^^^^^^^^^^^
  File "/Users/ukomron/PycharmProjects/gano/.venv/lib/python3.14/site-packages/aiogram/fsm/middleware.py", line 43, in __call__
    return await handler(event, data)
           ^^^^^^^^^^^^^^^^^^^^^^^^^^
  File "/Users/ukomron/PycharmProjects/gano/.venv/lib/python3.14/site-packages/aiogram/dispatcher/event/telegram.py", line 126, in trigger
    return await wrapped_inner(event, kwargs)
           ^^^^^^^^^^^^^^^^^^^^^^^^^^^^^^^^^^
  File "/Users/ukomron/PycharmProjects/gano/.venv/lib/python3.14/site-packages/aiogram/dispatcher/event/handler.py", line 71, in call
    return await wrapped()
           ^^^^^^^^^^^^^^^
  File "/Users/ukomron/PycharmProjects/gano/.venv/lib/python3.14/site-packages/aiogram/dispatcher/dispatcher.py", line 283, in _listen_update
    return await self.propagate_event(update_type=update_type, event=event, **kwargs)
           ^^^^^^^^^^^^^^^^^^^^^^^^^^^^^^^^^^^^^^^^^^^^^^^^^^^^^^^^^^^^^^^^^^^^^^^^^^
  File "/Users/ukomron/PycharmProjects/gano/.venv/lib/python3.14/site-packages/aiogram/dispatcher/router.py", line 165, in propagate_event
    return await observer.wrap_outer_middleware(_wrapped, event=event, data=kwargs)
           ^^^^^^^^^^^^^^^^^^^^^^^^^^^^^^^^^^^^^^^^^^^^^^^^^^^^^^^^^^^^^^^^^^^^^^^^
  File "/Users/ukomron/PycharmProjects/gano/.venv/lib/python3.14/site-packages/aiogram/dispatcher/router.py", line 157, in _wrapped
    return await self._propagate_event(
           ^^^^^^^^^^^^^^^^^^^^^^^^^^^^
    ...<4 lines>...
    )
    ^
  File "/Users/ukomron/PycharmProjects/gano/.venv/lib/python3.14/site-packages/aiogram/dispatcher/router.py", line 185, in _propagate_event
    response = await observer.trigger(event, **kwargs)
               ^^^^^^^^^^^^^^^^^^^^^^^^^^^^^^^^^^^^^^^
  File "/Users/ukomron/PycharmProjects/gano/.venv/lib/python3.14/site-packages/aiogram/dispatcher/event/telegram.py", line 126, in trigger
    return await wrapped_inner(event, kwargs)
           ^^^^^^^^^^^^^^^^^^^^^^^^^^^^^^^^^^
  File "/Users/ukomron/PycharmProjects/gano/.venv/lib/python3.14/site-packages/aiogram/dispatcher/event/handler.py", line 71, in call
    return await wrapped()
           ^^^^^^^^^^^^^^^
  File "/Users/ukomron/PycharmProjects/gano/main.py", line 681, in handle_menu_buttons
    await message.answer(TEXTS[lang]['spam_warning'])
                         ~~~~~~~~~~~^^^^^^^^^^^^^^^^
KeyError: 'spam_warning'

During handling of the above exception, another exception occurred:

Traceback (most recent call last):
  File "/Users/ukomron/PycharmProjects/gano/.venv/lib/python3.14/site-packages/aiogram/dispatcher/dispatcher.py", line 320, in _process_update
    response = await self.feed_update(bot, update, **kwargs)
               ^^^^^^^^^^^^^^^^^^^^^^^^^^^^^^^^^^^^^^^^^^^^^
  File "/Users/ukomron/PycharmProjects/gano/.venv/lib/python3.14/site-packages/aiogram/dispatcher/dispatcher.py", line 164, in feed_update
    response = await self.update.wrap_outer_middleware(
               ^^^^^^^^^^^^^^^^^^^^^^^^^^^^^^^^^^^^^^^^
    ...<7 lines>...
    )
    ^
  File "/Users/ukomron/PycharmProjects/gano/.venv/lib/python3.14/site-packages/aiogram/dispatcher/middlewares/error.py", line 31, in __call__
    response = await self.router.propagate_event(
               ^^^^^^^^^^^^^^^^^^^^^^^^^^^^^^^^^^
    ...<3 lines>...
    )
    ^
  File "/Users/ukomron/PycharmProjects/gano/.venv/lib/python3.14/site-packages/aiogram/dispatcher/router.py", line 165, in propagate_event
    return await observer.wrap_outer_middleware(_wrapped, event=event, data=kwargs)
           ^^^^^^^^^^^^^^^^^^^^^^^^^^^^^^^^^^^^^^^^^^^^^^^^^^^^^^^^^^^^^^^^^^^^^^^^
  File "/Users/ukomron/PycharmProjects/gano/.venv/lib/python3.14/site-packages/aiogram/dispatcher/router.py", line 157, in _wrapped
    return await self._propagate_event(
           ^^^^^^^^^^^^^^^^^^^^^^^^^^^^
    ...<4 lines>...
    )
    ^
  File "/Users/ukomron/PycharmProjects/gano/.venv/lib/python3.14/site-packages/aiogram/dispatcher/router.py", line 185, in _propagate_event
    response = await observer.trigger(event, **kwargs)
               ^^^^^^^^^^^^^^^^^^^^^^^^^^^^^^^^^^^^^^^
  File "/Users/ukomron/PycharmProjects/gano/.venv/lib/python3.14/site-packages/aiogram/dispatcher/event/telegram.py", line 126, in trigger
    return await wrapped_inner(event, kwargs)
           ^^^^^^^^^^^^^^^^^^^^^^^^^^^^^^^^^^
  File "/Users/ukomron/PycharmProjects/gano/.venv/lib/python3.14/site-packages/aiogram/dispatcher/event/handler.py", line 71, in call
    return await wrapped()
                 ~~~~~~~^^
TypeError: error_handler() missing 1 required positional argument: 'exception'
2026-08-08 16:39:08,965 - INFO - aiogram.event - Update id=329188041 is not handled. Duration 2 ms by bot id=7821344087
2026-08-08 16:39:08,965 - ERROR - aiogram.event - Cause exception while process update id=329188041 by bot id=7821344087
TypeError: error_handler() missing 1 required positional argument: 'exception'
Traceback (most recent call last):
  File "/Users/ukomron/PycharmProjects/gano/.venv/lib/python3.14/site-packages/aiogram/dispatcher/middlewares/error.py", line 27, in __call__
    return await handler(event, data)
           ^^^^^^^^^^^^^^^^^^^^^^^^^^
  File "/Users/ukomron/PycharmProjects/gano/.venv/lib/python3.14/site-packages/aiogram/dispatcher/middlewares/user_context.py", line 58, in __call__
    return await handler(event, data)
           ^^^^^^^^^^^^^^^^^^^^^^^^^^
  File "/Users/ukomron/PycharmProjects/gano/.venv/lib/python3.14/site-packages/aiogram/fsm/middleware.py", line 43, in __call__
    return await handler(event, data)
           ^^^^^^^^^^^^^^^^^^^^^^^^^^
  File "/Users/ukomron/PycharmProjects/gano/.venv/lib/python3.14/site-packages/aiogram/dispatcher/event/telegram.py", line 126, in trigger
    return await wrapped_inner(event, kwargs)
           ^^^^^^^^^^^^^^^^^^^^^^^^^^^^^^^^^^
  File "/Users/ukomron/PycharmProjects/gano/.venv/lib/python3.14/site-packages/aiogram/dispatcher/event/handler.py", line 71, in call
    return await wrapped()
           ^^^^^^^^^^^^^^^
  File "/Users/ukomron/PycharmProjects/gano/.venv/lib/python3.14/site-packages/aiogram/dispatcher/dispatcher.py", line 283, in _listen_update
    return await self.propagate_event(update_type=update_type, event=event, **kwargs)
           ^^^^^^^^^^^^^^^^^^^^^^^^^^^^^^^^^^^^^^^^^^^^^^^^^^^^^^^^^^^^^^^^^^^^^^^^^^
  File "/Users/ukomron/PycharmProjects/gano/.venv/lib/python3.14/site-packages/aiogram/dispatcher/router.py", line 165, in propagate_event
    return await observer.wrap_outer_middleware(_wrapped, event=event, data=kwargs)
           ^^^^^^^^^^^^^^^^^^^^^^^^^^^^^^^^^^^^^^^^^^^^^^^^^^^^^^^^^^^^^^^^^^^^^^^^
  File "/Users/ukomron/PycharmProjects/gano/.venv/lib/python3.14/site-packages/aiogram/dispatcher/router.py", line 157, in _wrapped
    return await self._propagate_event(
           ^^^^^^^^^^^^^^^^^^^^^^^^^^^^
    ...<4 lines>...
    )
    ^
  File "/Users/ukomron/PycharmProjects/gano/.venv/lib/python3.14/site-packages/aiogram/dispatcher/router.py", line 185, in _propagate_event
    response = await observer.trigger(event, **kwargs)
               ^^^^^^^^^^^^^^^^^^^^^^^^^^^^^^^^^^^^^^^
  File "/Users/ukomron/PycharmProjects/gano/.venv/lib/python3.14/site-packages/aiogram/dispatcher/event/telegram.py", line 126, in trigger
    return await wrapped_inner(event, kwargs)
           ^^^^^^^^^^^^^^^^^^^^^^^^^^^^^^^^^^
  File "/Users/ukomron/PycharmProjects/gano/.venv/lib/python3.14/site-packages/aiogram/dispatcher/event/handler.py", line 71, in call
    return await wrapped()
           ^^^^^^^^^^^^^^^
  File "/Users/ukomron/PycharmProjects/gano/main.py", line 681, in handle_menu_buttons
    await message.answer(TEXTS[lang]['spam_warning'])
                         ~~~~~~~~~~~^^^^^^^^^^^^^^^^
KeyError: 'spam_warning'

During handling of the above exception, another exception occurred:

Traceback (most recent call last):
  File "/Users/ukomron/PycharmProjects/gano/.venv/lib/python3.14/site-packages/aiogram/dispatcher/dispatcher.py", line 320, in _process_update
    response = await self.feed_update(bot, update, **kwargs)
               ^^^^^^^^^^^^^^^^^^^^^^^^^^^^^^^^^^^^^^^^^^^^^
  File "/Users/ukomron/PycharmProjects/gano/.venv/lib/python3.14/site-packages/aiogram/dispatcher/dispatcher.py", line 164, in feed_update
    response = await self.update.wrap_outer_middleware(
               ^^^^^^^^^^^^^^^^^^^^^^^^^^^^^^^^^^^^^^^^
    ...<7 lines>...
    )
    ^
  File "/Users/ukomron/PycharmProjects/gano/.venv/lib/python3.14/site-packages/aiogram/dispatcher/middlewares/error.py", line 31, in __call__
    response = await self.router.propagate_event(
               ^^^^^^^^^^^^^^^^^^^^^^^^^^^^^^^^^^
    ...<3 lines>...
    )
    ^
  File "/Users/ukomron/PycharmProjects/gano/.venv/lib/python3.14/site-packages/aiogram/dispatcher/router.py", line 165, in propagate_event
    return await observer.wrap_outer_middleware(_wrapped, event=event, data=kwargs)
           ^^^^^^^^^^^^^^^^^^^^^^^^^^^^^^^^^^^^^^^^^^^^^^^^^^^^^^^^^^^^^^^^^^^^^^^^
  File "/Users/ukomron/PycharmProjects/gano/.venv/lib/python3.14/site-packages/aiogram/dispatcher/router.py", line 157, in _wrapped
    return await self._propagate_event(
           ^^^^^^^^^^^^^^^^^^^^^^^^^^^^
    ...<4 lines>...
    )
    ^
  File "/Users/ukomron/PycharmProjects/gano/.venv/lib/python3.14/site-packages/aiogram/dispatcher/router.py", line 185, in _propagate_event
    response = await observer.trigger(event, **kwargs)
               ^^^^^^^^^^^^^^^^^^^^^^^^^^^^^^^^^^^^^^^
  File "/Users/ukomron/PycharmProjects/gano/.venv/lib/python3.14/site-packages/aiogram/dispatcher/event/telegram.py", line 126, in trigger
    return await wrapped_inner(event, kwargs)
           ^^^^^^^^^^^^^^^^^^^^^^^^^^^^^^^^^^
  File "/Users/ukomron/PycharmProjects/gano/.venv/lib/python3.14/site-packages/aiogram/dispatcher/event/handler.py", line 71, in call
    return await wrapped()
                 ~~~~~~~^^
TypeError: error_handler() missing 1 required positional argument: 'exception'
2026-08-08 16:39:11,958 - INFO - aiogram.event - Update id=329188042 is not handled. Duration 10 ms by bot id=7821344087
2026-08-08 16:39:11,959 - ERROR - aiogram.event - Cause exception while process update id=329188042 by bot id=7821344087
TypeError: error_handler() missing 1 required positional argument: 'exception'
Traceback (most recent call last):
  File "/Users/ukomron/PycharmProjects/gano/.venv/lib/python3.14/site-packages/aiogram/dispatcher/middlewares/error.py", line 27, in __call__
    return await handler(event, data)
           ^^^^^^^^^^^^^^^^^^^^^^^^^^
  File "/Users/ukomron/PycharmProjects/gano/.venv/lib/python3.14/site-packages/aiogram/dispatcher/middlewares/user_context.py", line 58, in __call__
    return await handler(event, data)
           ^^^^^^^^^^^^^^^^^^^^^^^^^^
  File "/Users/ukomron/PycharmProjects/gano/.venv/lib/python3.14/site-packages/aiogram/fsm/middleware.py", line 43, in __call__
    return await handler(event, data)
           ^^^^^^^^^^^^^^^^^^^^^^^^^^
  File "/Users/ukomron/PycharmProjects/gano/.venv/lib/python3.14/site-packages/aiogram/dispatcher/event/telegram.py", line 126, in trigger
    return await wrapped_inner(event, kwargs)
           ^^^^^^^^^^^^^^^^^^^^^^^^^^^^^^^^^^
  File "/Users/ukomron/PycharmProjects/gano/.venv/lib/python3.14/site-packages/aiogram/dispatcher/event/handler.py", line 71, in call
    return await wrapped()
           ^^^^^^^^^^^^^^^
  File "/Users/ukomron/PycharmProjects/gano/.venv/lib/python3.14/site-packages/aiogram/dispatcher/dispatcher.py", line 283, in _listen_update
    return await self.propagate_event(update_type=update_type, event=event, **kwargs)
           ^^^^^^^^^^^^^^^^^^^^^^^^^^^^^^^^^^^^^^^^^^^^^^^^^^^^^^^^^^^^^^^^^^^^^^^^^^
  File "/Users/ukomron/PycharmProjects/gano/.venv/lib/python3.14/site-packages/aiogram/dispatcher/router.py", line 165, in propagate_event
    return await observer.wrap_outer_middleware(_wrapped, event=event, data=kwargs)
           ^^^^^^^^^^^^^^^^^^^^^^^^^^^^^^^^^^^^^^^^^^^^^^^^^^^^^^^^^^^^^^^^^^^^^^^^
  File "/Users/ukomron/PycharmProjects/gano/.venv/lib/python3.14/site-packages/aiogram/dispatcher/router.py", line 157, in _wrapped
    return await self._propagate_event(
           ^^^^^^^^^^^^^^^^^^^^^^^^^^^^
    ...<4 lines>...
    )
    ^
  File "/Users/ukomron/PycharmProjects/gano/.venv/lib/python3.14/site-packages/aiogram/dispatcher/router.py", line 185, in _propagate_event
    response = await observer.trigger(event, **kwargs)
               ^^^^^^^^^^^^^^^^^^^^^^^^^^^^^^^^^^^^^^^
  File "/Users/ukomron/PycharmProjects/gano/.venv/lib/python3.14/site-packages/aiogram/dispatcher/event/telegram.py", line 126, in trigger
    return await wrapped_inner(event, kwargs)
           ^^^^^^^^^^^^^^^^^^^^^^^^^^^^^^^^^^
  File "/Users/ukomron/PycharmProjects/gano/.venv/lib/python3.14/site-packages/aiogram/dispatcher/event/handler.py", line 71, in call
    return await wrapped()
           ^^^^^^^^^^^^^^^
  File "/Users/ukomron/PycharmProjects/gano/main.py", line 681, in handle_menu_buttons
    await message.answer(TEXTS[lang]['spam_warning'])
                         ~~~~~~~~~~~^^^^^^^^^^^^^^^^
KeyError: 'spam_warning'

During handling of the above exception, another exception occurred:

Traceback (most recent call last):
  File "/Users/ukomron/PycharmProjects/gano/.venv/lib/python3.14/site-packages/aiogram/dispatcher/dispatcher.py", line 320, in _process_update
    response = await self.feed_update(bot, update, **kwargs)
               ^^^^^^^^^^^^^^^^^^^^^^^^^^^^^^^^^^^^^^^^^^^^^
  File "/Users/ukomron/PycharmProjects/gano/.venv/lib/python3.14/site-packages/aiogram/dispatcher/dispatcher.py", line 164, in feed_update
    response = await self.update.wrap_outer_middleware(
               ^^^^^^^^^^^^^^^^^^^^^^^^^^^^^^^^^^^^^^^^
    ...<7 lines>...
    )
    ^
  File "/Users/ukomron/PycharmProjects/gano/.venv/lib/python3.14/site-packages/aiogram/dispatcher/middlewares/error.py", line 31, in __call__
    response = await self.router.propagate_event(
               ^^^^^^^^^^^^^^^^^^^^^^^^^^^^^^^^^^
    ...<3 lines>...
    )
    ^
  File "/Users/ukomron/PycharmProjects/gano/.venv/lib/python3.14/site-packages/aiogram/dispatcher/router.py", line 165, in propagate_event
    return await observer.wrap_outer_middleware(_wrapped, event=event, data=kwargs)
           ^^^^^^^^^^^^^^^^^^^^^^^^^^^^^^^^^^^^^^^^^^^^^^^^^^^^^^^^^^^^^^^^^^^^^^^^
  File "/Users/ukomron/PycharmProjects/gano/.venv/lib/python3.14/site-packages/aiogram/dispatcher/router.py", line 157, in _wrapped
    return await self._propagate_event(
           ^^^^^^^^^^^^^^^^^^^^^^^^^^^^
    ...<4 lines>...
    )
    ^
  File "/Users/ukomron/PycharmProjects/gano/.venv/lib/python3.14/site-packages/aiogram/dispatcher/router.py", line 185, in _propagate_event
    response = await observer.trigger(event, **kwargs)
               ^^^^^^^^^^^^^^^^^^^^^^^^^^^^^^^^^^^^^^^
  File "/Users/ukomron/PycharmProjects/gano/.venv/lib/python3.14/site-packages/aiogram/dispatcher/event/telegram.py", line 126, in trigger
    return await wrapped_inner(event, kwargs)
           ^^^^^^^^^^^^^^^^^^^^^^^^^^^^^^^^^^
  File "/Users/ukomron/PycharmProjects/gano/.venv/lib/python3.14/site-packages/aiogram/dispatcher/event/handler.py", line 71, in call
    return await wrapped()
                 ~~~~~~~^^
TypeError: error_handler() missing 1 required positional argument: 'exception'
2026-08-08 16:39:32,940 - INFO - aiogram.event - Update id=329188043 is handled. Duration 139 ms by bot id=7821344087
2026-08-08 16:40:26,828 - INFO - aiogram.event - Update id=329188044 is handled. Duration 619 ms by bot id=7821344087
2026-08-08 16:52:36,489 - WARNING - aiogram.dispatcher - Received SIGINT signal
2026-08-08 16:52:36,491 - INFO - aiogram.dispatcher - Polling stopped for bot @bio_aibot id=7821344087 - 'Bio.AI'
2026-08-08 16:52:36,491 - INFO - aiogram.dispatcher - Polling stopped
2026-08-08 16:52:36,650 - WARNING - aiogram.dispatcher - Received SIGINT signal
2026-08-08 16:53:46,395 - INFO - __main__ - Loaded 7 products from catalog
2026-08-08 16:53:46,396 - INFO - __main__ - Admin ID: 7393504121
2026-08-08 16:53:46,435 - INFO - __main__ - Starting bot polling...
2026-08-08 16:53:46,436 - INFO - aiogram.dispatcher - Start polling
2026-08-08 16:53:46,809 - INFO - aiogram.dispatcher - Run polling for bot @bio_aibot id=7821344087 - 'Bio.AI'
2026-08-08 16:53:55,204 - INFO - aiogram.event - Update id=329188045 is handled. Duration 382 ms by bot id=7821344087
2026-08-08 16:53:56,066 - INFO - aiogram.event - Update id=329188046 is handled. Duration 2 ms by bot id=7821344087
2026-08-08 16:53:59,693 - INFO - aiogram.event - Update id=329188047 is handled. Duration 145 ms by bot id=7821344087
2026-08-08 16:54:04,941 - INFO - __main__ - Received WebApp data from user 7393504121: {'action': 'checkout', 'lang': 'uz', 'items': [{'id': 'p1', 'quantity': 2}]}
2026-08-08 16:54:05,110 - INFO - aiogram.event - Update id=329188048 is handled. Duration 175 ms by bot id=7821344087
2026-08-08 16:54:08,522 - INFO - aiogram.event - Update id=329188049 is handled. Duration 425 ms by bot id=7821344087
2026-08-08 16:54:14,144 - INFO - aiogram.event - Update id=329188050 is handled. Duration 157 ms by bot id=7821344087
2026-08-08 16:54:17,700 - INFO - aiogram.event - Update id=329188051 is handled. Duration 154 ms by bot id=7821344087
2026-08-08 16:54:19,723 - INFO - aiogram.event - Update id=329188052 is handled. Duration 132 ms by bot id=7821344087
2026-08-08 16:54:21,254 - INFO - aiogram.event - Update id=329188053 is handled. Duration 132 ms by bot id=7821344087
2026-08-08 16:54:26,334 - INFO - aiogram.event - Update id=329188054 is handled. Duration 128 ms by bot id=7821344087
2026-08-08 16:54:42,327 - INFO - aiogram.event - Update id=329188055 is handled. Duration 141 ms by bot id=7821344087
2026-08-08 16:54:49,041 - INFO - aiogram.event - Update id=329188056 is handled. Duration 138 ms by bot id=7821344087
2026-08-08 16:55:04,374 - INFO - aiogram.event - Update id=329188057 is handled. Duration 138 ms by bot id=7821344087
2026-08-08 16:55:17,978 - INFO - aiogram.event - Update id=329188058 is handled. Duration 705 ms by bot id=7821344087
2026-08-08 16:55:49,135 - INFO - aiogram.event - Update id=329188059 is handled. Duration 417 ms by bot id=7821344087
2026-08-08 16:56:02,647 - INFO - aiogram.event - Update id=329188060 is handled. Duration 219 ms by bot id=7821344087
2026-08-08 16:56:04,081 - INFO - aiogram.event - Update id=329188061 is handled. Duration 142 ms by bot id=7821344087
2026-08-08 16:56:05,152 - INFO - aiogram.event - Update id=329188062 is handled. Duration 145 ms by bot id=7821344087
2026-08-08 16:56:11,894 - INFO - __main__ - Admin panel shown to 7393504121
2026-08-08 16:56:11,895 - INFO - aiogram.event - Update id=329188063 is handled. Duration 137 ms by bot id=7821344087
2026-08-08 16:56:14,303 - INFO - aiogram.event - Update id=329188064 is handled. Duration 505 ms by bot id=7821344087
2026-08-08 16:56:23,689 - INFO - __main__ - Admin panel shown to 7393504121
2026-08-08 16:56:23,690 - INFO - aiogram.event - Update id=329188065 is handled. Duration 130 ms by bot id=7821344087
2026-08-08 16:56:25,423 - INFO - aiogram.event - Update id=329188066 is handled. Duration 437 ms by bot id=7821344087
2026-08-08 16:56:28,203 - INFO - __main__ - Admin panel shown to 7393504121
2026-08-08 16:56:28,204 - INFO - aiogram.event - Update id=329188067 is handled. Duration 130 ms by bot id=7821344087
2026-08-08 16:56:29,682 - INFO - aiogram.event - Update id=329188068 is handled. Duration 375 ms by bot id=7821344087
2026-08-08 16:56:33,279 - INFO - aiogram.event - Update id=329188069 is handled. Duration 749 ms by bot id=7821344087
2026-08-08 16:56:47,800 - INFO - __main__ - Admin panel shown to 7393504121
2026-08-08 16:56:47,801 - INFO - aiogram.event - Update id=329188070 is handled. Duration 134 ms by bot id=7821344087
2026-08-08 16:56:49,436 - INFO - aiogram.event - Update id=329188071 is handled. Duration 378 ms by bot id=7821344087
2026-08-08 16:57:01,143 - INFO - aiogram.event - Update id=329188072 is handled. Duration 707 ms by bot id=7821344087
2026-08-08 18:04:52,877 - INFO - aiogram.event - Update id=329188073 is handled. Duration 398 ms by bot id=7821344087
2026-08-08 22:28:12,957 - WARNING - aiogram.dispatcher - Received SIGINT signal
2026-08-08 22:28:12,959 - INFO - aiogram.dispatcher - Polling stopped for bot @bio_aibot id=7821344087 - 'Bio.AI'
2026-08-08 22:28:12,959 - INFO - aiogram.dispatcher - Polling stopped
2026-08-08 22:28:13,135 - WARNING - aiogram.dispatcher - Received SIGINT signal
2026-08-08 22:28:13,211 - INFO - aiogram.dispatcher - Start polling
2026-08-08 22:28:13,211 - INFO - aiogram.dispatcher - Run polling for bot @bio_aibot id=7821344087 - 'Bio.AI'
